producer_class	xtools.gsea.Gsea
producer_timestamp	1750361963846
param	zip_report	false
param	num	100
param	scoring_scheme	weighted
param	norm	meandiv
param	out	/Users/wel4007/gsea_home/output/jun18
param	mode	Max_probe
param	include_only_symbols	true
param	set_max	500
param	gmx	/Users/wel4007/Downloads/gseainput_bak/h.fy.mbc.gmt
param	plot_top_x	20
param	nperm	1000
param	order	descending
param	rnd_seed	timestamp
param	rpt_label	mbc27.2controls2pdx.correction
param	set_min	1
param	res	/Users/wel4007/Downloads/gseainput_bak/mbc27.control2pdx2.correction.minmax.txt
param	create_svgs	false
param	cls	/Users/wel4007/Downloads/gseainput_bak/phenotype_mbc.cls#mbc_versus_pbmc
param	sort	real
param	create_gcts	false
param	help	false
param	save_rnd_lists	false
param	median	false
param	metric	Diff_of_Classes
param	make_sets	true
param	rnd_type	no_balance
param	gui	false
param	permute	gene_set
param	collapse	No_Collapse

file	/Users/wel4007/gsea_home/output/jun18/mbc27.2controls2pdx.correction.Gsea.1750361963846/index.html
